// Jest Snapshot v1, https://goo.gl/fbAQLP

exports[`BasePhoto component prints base component 1`] = `
<v-sheet-stub tag="div"><span>header slot</span>
  <v-img-stub height="205" aspectratio="1" src="url1" lazysrc="url1" position="center center" transition="fade-transition" class="grey lighten-2 img">
    <v-layout-stub tag="div" fill-height="" align-center="" justify-center="" ma-0="">
      <v-progress-circular-stub color="grey lighten-5" indeterminate="true" rotate="0" size="32" width="4" value="0"></v-progress-circular-stub>
    </v-layout-stub>
  </v-img-stub>
  <v-tooltip-stub opendelay="200" closedelay="200" lazy="true" contentclass="" fixed="true" left="true" maxwidth="auto" nudgebottom="0" nudgeleft="0" nudgeright="0" nudgetop="0" nudgewidth="0" debounce="0" tag="span" class="non-public">
    <v-icon-stub large="" class="warning--text">lock</v-icon-stub> <span>Private image</span>
  </v-tooltip-stub> <span>footer slot</span></v-sheet-stub>
`;
