// Jest Snapshot v1, https://goo.gl/fbAQLP

exports[`BasePhoto component prints base component 1`] = `
<v-sheet-stub tag="div" tile="true" class="grey lighten-2 unselectable" style="position: relative;">
  <app-observer-stub options="[object Object]"></app-observer-stub> <span>header slot</span>
  <v-tooltip-stub opendelay="0" closedelay="0" contentclass="" fixed="true" left="true" openonhover="true" maxwidth="auto" nudgebottom="0" nudgeleft="0" nudgeright="0" nudgetop="0" nudgewidth="0" tag="span"> <span></span></v-tooltip-stub>
  <!----> <span>footer slot</span>
</v-sheet-stub>
`;
