// Jest Snapshot v1, https://goo.gl/fbAQLP

exports[`ShareImageList renders a list element 1`] = `
<v-list-tile-stub activeclass="primary--text" avatar="true">
  <v-list-tile-avatar-stub size="40">
    <v-badge-stub color="black" value="true" transition="fab-transition" overlap="true"> <img src="urlSq"></v-badge-stub>
  </v-list-tile-avatar-stub>
  <v-list-tile-content-stub>
    <v-list-tile-title-stub>title</v-list-tile-title-stub>
  </v-list-tile-content-stub>
  <v-list-tile-action-stub>
    <v-btn-stub activeclass="v-btn--active" ripple="true" tag="button" icon="true" type="button">
      <v-icon-stub>close</v-icon-stub>
    </v-btn-stub>
  </v-list-tile-action-stub>
</v-list-tile-stub>
`;
