// Jest Snapshot v1, https://goo.gl/fbAQLP

exports[`GroupTagList.vue shows a group 1`] = `
<div>
  <!---->
  <v-list-item-stub activeclass="" link="true" tag="div">
    <v-list-item-avatar-stub size="40">
      <external-link-badge-stub href="https://www.flickr.com/groups/groupId"><img src=""></external-link-badge-stub>
    </v-list-item-avatar-stub>
    <v-list-item-content-stub>
      <v-list-item-title-stub>
        <photo-limit-opt-out-message-stub optout="true"></photo-limit-opt-out-message-stub> <strong>Group Title</strong>
      </v-list-item-title-stub>
      <v-list-item-subtitle-stub>
        <v-layout-stub tag="div" wrap="">
          <v-flex-stub tag="div" xs4="" sm2="" class="text-left">
            <v-icon-stub>photo</v-icon-stub>
            1000M
          </v-flex-stub>
          <v-flex-stub tag="div" xs4="" sm2="" class="text-left">
            <v-icon-stub>group</v-icon-stub>
            200
          </v-flex-stub>
          <v-flex-stub tag="div" xs4="" sm2="" class="text-left pt-1"></v-flex-stub>
          <v-flex-stub tag="div" xs12="" sm6="" class="text-right">
            <v-chip-stub small="true" activeclass="" tag="span" inputvalue="true" active="true" closeicon="$delete" filtericon="$complete" label="true" class="mx-1">
              <v-icon-stub color="accent" small="" left="" class="mr-1">label</v-icon-stub>
              tag1
            </v-chip-stub>
            <v-chip-stub small="true" activeclass="" tag="span" active="true" closeicon="$delete" filtericon="$complete" label="true" class="mx-1">
              <v-icon-stub small="" left="" class="mr-1">label</v-icon-stub>
              tag2
            </v-chip-stub>
            <v-chip-stub small="true" activeclass="" tag="span" active="true" closeicon="$delete" filtericon="$complete" label="true" class="mx-1">
              <v-icon-stub small="" left="" class="mr-1">label</v-icon-stub>
              tag3
            </v-chip-stub>
          </v-flex-stub>
        </v-layout-stub>
      </v-list-item-subtitle-stub>
    </v-list-item-content-stub>
    <v-list-item-action-stub>
      <v-tooltip-stub opendelay="0" closedelay="0" contentclass="" fixed="true" left="true" openonhover="true" maxwidth="auto" nudgebottom="0" nudgeleft="0" nudgeright="0" nudgetop="0" nudgewidth="0" tag="span"> <span></span></v-tooltip-stub>
    </v-list-item-action-stub>
    <group-tag-dialog-stub groupid="groupId" title="Group Title" tags="tag1,tag2,tag3"></group-tag-dialog-stub>
  </v-list-item-stub>
</div>
`;
